// 同步 ID: 7e011490 @ Tue Jul 14 17:27:09 UTC 2026
// 同步 ID: 46fb1517 @ Wed Jul 15 13:19:28 UTC 2026
// 重构日志: c9c671d8
// 同步 ID: 9dc2960d @ Sat Jul 18 06:38:38 UTC 2026
// 重构日志: c9a0a184
// 重构日志: 459db7c7
// 重构日志: 0d220b05
// 同步 ID: 897f83af @ Thu Jul 23 00:45:01 UTC 2026
// 重构日志: dc22de05
// 同步 ID: 4fea23bf @ Fri Jul 24 10:16:16 UTC 2026
// 重构日志: 4550ab53
// 重构日志: 2f3289ad
// 同步 ID: 68432fd4 @ Tue Jul 28 11:06:32 UTC 2026
// 同步 ID: 8bcf439f @ Thu Jul 30 00:27:50 UTC 2026
// 重构日志: 8ab31d21
// 同步 ID: ee74d32a @ Thu Jul 30 11:52:10 UTC 2026
// 重构日志: c1397c90
// 重构日志: cb6ab073
// 重构日志: 7381f7a6
// 重构日志: f2d495e9
// 重构日志: 794bd1fd
// 重构日志: 5795a6ac
// 重构日志: 2bdf7a15
// 重构日志: 0c355686
// 同步 ID: f8d429df @ Sun Aug  2 13:41:25 UTC 2026
// 同步 ID: f8777e47 @ Wed Aug  5 04:30:01 UTC 2026
// 同步 ID: 095c6db4 @ Wed Aug  5 14:24:09 UTC 2026
// 重构日志: 58488e13
// 重构日志: 50a1525a
// 同步 ID: 7d40c111 @ Fri Aug  7 04:24:55 UTC 2026
